[2025-11-14 09:42:59] INFO: Mongodb connected
[2025-11-14 09:42:59] INFO: Server is listening on port:3000
[2025-11-14 09:43:18] WARN: Received SIGINT.Starting graceful shutdown...
[2025-11-14 16:27:33] INFO: Mongodb connected
[2025-11-14 16:27:33] INFO: Server is listening on port:3000
[2025-11-14 16:29:30] INFO: Mongodb connected
[2025-11-14 16:29:30] INFO: Server is listening on port:3000
[2025-11-14 16:30:04] INFO: Mongodb connected
[2025-11-14 16:30:04] INFO: Server is listening on port:3000
[2025-11-14 16:31:34] INFO: Mongodb connected
[2025-11-14 16:31:34] INFO: Server is listening on port:3000
[2025-11-14 16:32:16] INFO: Mongodb connected
[2025-11-14 16:32:16] INFO: Server is listening on port:3000
[2025-11-14 16:32:41] INFO: Mongodb connected
[2025-11-14 16:32:41] INFO: Server is listening on port:3000
[2025-11-14 17:57:20] INFO: Mongodb connected
[2025-11-14 17:57:20] INFO: Server is listening on port:3000
[2025-11-14 17:57:37] INFO: Mongodb connected
[2025-11-14 17:57:37] INFO: Server is listening on port:3000
[2025-11-14 17:58:52] INFO: Mongodb connected
[2025-11-14 17:58:52] INFO: Server is listening on port:3000
[2025-11-14 18:05:14] INFO: Mongodb connected
[2025-11-14 18:05:14] INFO: Server is listening on port:3000
[2025-11-14 18:05:36] INFO: Mongodb connected
[2025-11-14 18:05:36] INFO: Server is listening on port:3000
[2025-11-14 18:06:17] INFO: Mongodb connected
[2025-11-14 18:06:17] INFO: Server is listening on port:3000
[2025-11-14 18:06:33] INFO: Mongodb connected
[2025-11-14 18:06:33] INFO: Server is listening on port:3000
[2025-11-14 18:15:38] INFO: Mongodb connected
[2025-11-14 18:15:38] INFO: Server is listening on port:3000
[2025-11-14 18:15:43] INFO: Mongodb connected
[2025-11-14 18:15:43] INFO: Server is listening on port:3000
[2025-11-14 18:16:30] INFO: Mongodb connected
[2025-11-14 18:16:30] INFO: Server is listening on port:3000
[2025-11-14 18:16:48] INFO: Mongodb connected
[2025-11-14 18:16:48] INFO: Server is listening on port:3000
[2025-11-14 18:17:09] INFO: Mongodb connected
[2025-11-14 18:17:09] INFO: Server is listening on port:3000
[2025-11-14 18:17:40] INFO: Mongodb connected
[2025-11-14 18:17:40] INFO: Server is listening on port:3000
[2025-11-14 18:18:04] INFO: Mongodb connected
[2025-11-14 18:18:04] INFO: Server is listening on port:3000
[2025-11-14 18:18:13] INFO: Mongodb connected
[2025-11-14 18:18:13] INFO: Server is listening on port:3000
[2025-11-14 18:19:01] INFO: Mongodb connected
[2025-11-14 18:19:01] INFO: Server is listening on port:3000
[2025-11-14 18:19:22] INFO: Mongodb connected
[2025-11-14 18:19:22] INFO: Server is listening on port:3000
[2025-11-14 18:19:33] INFO: Mongodb connected
[2025-11-14 18:19:33] INFO: Server is listening on port:3000
[2025-11-14 18:19:54] INFO: Mongodb connected
[2025-11-14 18:19:54] INFO: Server is listening on port:3000
[2025-11-14 18:20:11] INFO: Mongodb connected
[2025-11-14 18:20:11] INFO: Server is listening on port:3000
[2025-11-14 18:23:21] INFO: Mongodb connected
[2025-11-14 18:23:21] INFO: Server is listening on port:3000
[2025-11-14 18:24:28] INFO: Mongodb connected
[2025-11-14 18:24:28] INFO: Server is listening on port:3000
[2025-11-14 18:33:00] INFO: Mongodb connected
[2025-11-14 18:33:00] INFO: Server is listening on port:3000
[2025-11-14 18:33:07] INFO: Mongodb connected
[2025-11-14 18:33:07] INFO: Server is listening on port:3000
[2025-11-14 18:35:40] INFO: Mongodb connected
[2025-11-14 18:35:40] INFO: Server is listening on port:3000
[2025-11-14 18:36:15] INFO: Mongodb connected
[2025-11-14 18:36:15] INFO: Server is listening on port:3000
[2025-11-14 18:39:39] INFO: Mongodb connected
[2025-11-14 18:39:39] INFO: Server is listening on port:3000
[2025-11-14 18:44:28] INFO: Mongodb connected
[2025-11-14 18:44:28] INFO: Server is listening on port:3000
[2025-11-14 18:46:00] INFO: Mongodb connected
[2025-11-14 18:46:00] INFO: Server is listening on port:3000
[2025-11-14 18:46:08] INFO: Mongodb connected
[2025-11-14 18:46:08] INFO: Server is listening on port:3000
[2025-11-14 18:46:59] INFO: Mongodb connected
[2025-11-14 18:46:59] INFO: Server is listening on port:3000
[2025-11-14 18:48:14] INFO: Mongodb connected
[2025-11-14 18:48:14] INFO: Server is listening on port:3000
[2025-11-14 18:48:19] INFO: Mongodb connected
[2025-11-14 18:48:19] INFO: Server is listening on port:3000
[2025-11-14 18:49:35] INFO: Mongodb connected
[2025-11-14 18:49:35] INFO: Server is listening on port:3000
[2025-11-14 18:52:13] INFO: Mongodb connected
[2025-11-14 18:52:13] INFO: Server is listening on port:3000
[2025-11-14 18:58:03] INFO: Mongodb connected
[2025-11-14 18:58:03] INFO: Server is listening on port:3000
[2025-11-14 18:58:32] INFO: Mongodb connected
[2025-11-14 18:58:32] INFO: Server is listening on port:3000
[2025-11-14 18:58:40] INFO: Mongodb connected
[2025-11-14 18:58:40] INFO: Server is listening on port:3000
[2025-11-14 18:59:56] INFO: Mongodb connected
[2025-11-14 18:59:56] INFO: Server is listening on port:3000
[2025-11-14 19:00:29] INFO: Mongodb connected
[2025-11-14 19:00:29] INFO: Server is listening on port:3000
[2025-11-14 19:33:41] INFO: Mongodb connected
[2025-11-14 19:33:41] INFO: Server is listening on port:3000
[2025-11-14 19:34:18] WARN: Received SIGINT.Starting graceful shutdown...
[2025-11-14 20:21:53] INFO: Mongodb connected
[2025-11-14 20:21:53] INFO: Server is listening on port:3000
[2025-11-14 20:22:31] INFO: New user(admin@gmail.com) is created.
[2025-11-14 20:22:52] ERROR: User already exists with this email
[2025-11-14 20:23:41] INFO: Mongodb connected
[2025-11-14 20:23:41] INFO: Server is listening on port:3000
[2025-11-14 20:28:00] WARN: Received SIGINT.Starting graceful shutdown...
[2025-11-14 20:28:07] INFO: Mongodb connected
[2025-11-14 20:28:07] INFO: Server is listening on port:3000
[2025-11-14 20:28:42] INFO: New user(lol@gmail.com) is created.
[2025-11-14 20:29:11] INFO: New user(admin@gmail.com) is created.
[2025-11-15 07:53:09] INFO: Mongodb connected
[2025-11-15 07:53:09] INFO: Server is listening on port:3000
[2025-11-15 07:58:58] ERROR: User already exists
[2025-11-15 07:59:09] INFO: New user(admin2@gmail.com) is created.
[2025-11-15 08:00:33] WARN: Received SIGINT.Starting graceful shutdown...
[2025-11-15 14:32:05] INFO: Mongodb connected
[2025-11-15 14:32:05] INFO: Server is listening on port:3000
[2025-11-15 14:34:53] INFO: Mongodb connected
[2025-11-15 14:34:53] INFO: Server is listening on port:3000
[2025-11-15 14:36:04] INFO: Mongodb connected
[2025-11-15 14:36:04] INFO: Server is listening on port:3000
[2025-11-15 14:36:25] INFO: Mongodb connected
[2025-11-15 14:36:25] INFO: Server is listening on port:3000
[2025-11-15 14:36:45] INFO: Mongodb connected
[2025-11-15 14:36:45] INFO: Server is listening on port:3000
[2025-11-15 14:37:00] INFO: Mongodb connected
[2025-11-15 14:37:00] INFO: Server is listening on port:3000
[2025-11-15 14:38:43] INFO: Mongodb connected
[2025-11-15 14:38:43] INFO: Server is listening on port:3000
[2025-11-15 14:39:08] INFO: Mongodb connected
[2025-11-15 14:39:08] INFO: Server is listening on port:3000
[2025-11-15 14:39:41] INFO: Mongodb connected
[2025-11-15 14:39:41] INFO: Server is listening on port:3000
[2025-11-15 14:41:45] WARN: Received SIGINT.Starting graceful shutdown...
[2025-11-15 14:46:03] INFO: Mongodb connected
[2025-11-15 14:46:03] INFO: Server is listening on port:3000
[2025-11-15 16:48:00] INFO: Mongodb connected
[2025-11-15 16:48:00] INFO: Server is listening on port:3000
[2025-11-15 18:30:56] INFO: Mongodb connected
[2025-11-15 18:30:56] INFO: Server is listening on port:3000
[2025-11-15 18:44:14] WARN: Received SIGINT.Starting graceful shutdown...
[2025-11-15 18:44:24] INFO: Mongodb connected
[2025-11-15 18:44:24] INFO: Server is listening on port:3000
[2025-11-15 18:44:56] WARN: Received SIGINT.Starting graceful shutdown...
[2025-11-15 18:45:02] INFO: Mongodb connected
[2025-11-15 18:45:02] INFO: Server is listening on port:3000
[2025-11-15 18:46:35] INFO: Mongodb connected
[2025-11-15 18:46:35] INFO: Server is listening on port:3000
[2025-11-15 18:47:06] INFO: Mongodb connected
[2025-11-15 18:47:06] INFO: Server is listening on port:3000
[2025-11-15 18:47:23] INFO: Mongodb connected
[2025-11-15 18:47:23] INFO: Server is listening on port:3000
[2025-11-15 18:54:59] INFO: Mongodb connected
[2025-11-15 18:54:59] INFO: Server is listening on port:3000
[2025-11-15 18:55:12] INFO: Mongodb connected
[2025-11-15 18:55:12] INFO: Server is listening on port:3000
[2025-11-15 18:58:01] INFO: Mongodb connected
[2025-11-15 18:58:01] INFO: Server is listening on port:3000
[2025-11-15 19:01:03] INFO: Mongodb connected
[2025-11-15 19:01:03] INFO: Server is listening on port:3000
[2025-11-15 19:03:34] INFO: Mongodb connected
[2025-11-15 19:03:34] INFO: Server is listening on port:3000
[2025-11-15 19:04:13] INFO: Mongodb connected
[2025-11-15 19:04:13] INFO: Server is listening on port:3000
[2025-11-15 19:04:32] INFO: Mongodb connected
[2025-11-15 19:04:32] INFO: Server is listening on port:3000
[2025-11-15 19:04:40] INFO: Mongodb connected
[2025-11-15 19:04:40] INFO: Server is listening on port:3000
[2025-11-15 19:05:27] INFO: Mongodb connected
[2025-11-15 19:05:27] INFO: Server is listening on port:3000
[2025-11-15 19:10:14] INFO: Mongodb connected
[2025-11-15 19:10:14] INFO: Server is listening on port:3000
[2025-11-15 19:12:21] INFO: Mongodb connected
[2025-11-15 19:12:21] INFO: Server is listening on port:3000
[2025-11-15 19:12:24] INFO: Mongodb connected
[2025-11-15 19:12:24] INFO: Server is listening on port:3000
[2025-11-15 19:13:56] INFO: Mongodb connected
[2025-11-15 19:13:56] INFO: Server is listening on port:3000
[2025-11-15 19:14:10] INFO: Mongodb connected
[2025-11-15 19:14:10] INFO: Server is listening on port:3000
[2025-11-15 19:15:46] INFO: Mongodb connected
[2025-11-15 19:15:46] INFO: Server is listening on port:3000
[2025-11-15 19:16:12] INFO: Mongodb connected
[2025-11-15 19:16:12] INFO: Server is listening on port:3000
[2025-11-15 19:17:40] INFO: Mongodb connected
[2025-11-15 19:17:40] INFO: Server is listening on port:3000
[2025-11-15 19:18:12] INFO: Mongodb connected
[2025-11-15 19:18:12] INFO: Server is listening on port:3000
[2025-11-15 19:18:23] INFO: Mongodb connected
[2025-11-15 19:18:23] INFO: Server is listening on port:3000
[2025-11-15 19:19:25] INFO: Mongodb connected
[2025-11-15 19:19:25] INFO: Server is listening on port:3000
[2025-11-15 19:22:01] WARN: Received SIGINT.Starting graceful shutdown...
[2025-11-16 19:33:55] INFO: Mongodb connected
[2025-11-16 19:33:55] INFO: Server is listening on port:3000
[2025-11-16 19:41:22] WARN: Received SIGINT.Starting graceful shutdown...
[2025-11-16 20:00:35] INFO: Mongodb connected
[2025-11-16 20:00:35] INFO: Server is listening on port:3000
[2025-11-16 20:06:04] ERROR: Bad "options.expiresIn" option the payload already has an "exp" property.
[2025-11-16 20:06:04] ERROR: Bad "options.expiresIn" option the payload already has an "exp" property.
[2025-11-16 20:06:21] ERROR: Bad "options.expiresIn" option the payload already has an "exp" property.
[2025-11-16 20:06:21] ERROR: Bad "options.expiresIn" option the payload already has an "exp" property.
[2025-11-16 20:06:22] ERROR: Bad "options.expiresIn" option the payload already has an "exp" property.
[2025-11-16 20:06:22] ERROR: Bad "options.expiresIn" option the payload already has an "exp" property.
[2025-11-16 20:07:02] ERROR: Bad "options.expiresIn" option the payload already has an "exp" property.
[2025-11-16 20:07:02] ERROR: Bad "options.expiresIn" option the payload already has an "exp" property.
[2025-11-16 20:11:06] ERROR: Bad "options.expiresIn" option the payload already has an "exp" property.
[2025-11-16 20:11:06] ERROR: Bad "options.expiresIn" option the payload already has an "exp" property.
[2025-11-16 20:12:55] INFO: Mongodb connected
[2025-11-16 20:12:55] INFO: Server is listening on port:3000
[2025-11-16 20:13:00] ERROR: Bad "options.subject" option. The payload already has an "sub" property.
[2025-11-16 20:13:00] ERROR: Bad "options.subject" option. The payload already has an "sub" property.
[2025-11-16 20:13:03] ERROR: Bad "options.subject" option. The payload already has an "sub" property.
[2025-11-16 20:13:03] ERROR: Bad "options.subject" option. The payload already has an "sub" property.
[2025-11-16 20:13:08] WARN: Received SIGINT.Starting graceful shutdown...
[2025-11-16 20:13:18] ERROR: Force exiting after timeouts.
[2025-11-16 20:13:18] INFO: Mongodb connected
[2025-11-16 20:13:18] INFO: Server is listening on port:3000
[2025-11-16 20:13:19] ERROR: Bad "options.subject" option. The payload already has an "sub" property.
[2025-11-16 20:13:19] ERROR: Bad "options.subject" option. The payload already has an "sub" property.
[2025-11-16 20:13:21] ERROR: Bad "options.subject" option. The payload already has an "sub" property.
[2025-11-16 20:13:21] ERROR: Bad "options.subject" option. The payload already has an "sub" property.
[2025-11-16 20:14:50] INFO: Mongodb connected
[2025-11-16 20:14:50] INFO: Server is listening on port:3000
[2025-11-16 20:15:23] ERROR: Bad "options.subject" option. The payload already has an "sub" property.
[2025-11-16 20:15:23] ERROR: Bad "options.subject" option. The payload already has an "sub" property.
[2025-11-16 20:15:38] INFO: Mongodb connected
[2025-11-16 20:15:38] INFO: Server is listening on port:3000
[2025-11-16 20:24:36] INFO: Mongodb connected
[2025-11-16 20:24:36] INFO: Server is listening on port:3000
[2025-11-16 20:24:51] INFO: Mongodb connected
[2025-11-16 20:24:51] INFO: Server is listening on port:3000
[2025-11-16 20:29:19] WARN: Received SIGINT.Starting graceful shutdown...
